EnvelopeHead.protocolVersion -> protocol_version
EnvelopeHead.type -> type
EnvelopeHead.requestId -> request_id
ErrorPayload.codeRaw -> code
ErrorPayload.message -> message
ErrorPayload.daemonProtocolVersion -> daemon_protocol_version
RawEnvelopeHead.protocolVersion -> protocol_version
RawEnvelopeHead.typeRaw -> type
RawEnvelopeHead.requestId -> request_id
RequestEnvelope.protocolVersion -> protocol_version
RequestEnvelope.type -> type
RequestEnvelope.requestId -> request_id
RequestEnvelope.payload -> payload
ResponseEnvelope.protocolVersion -> protocol_version
ResponseEnvelope.type -> type
ResponseEnvelope.requestId -> request_id
ResponseEnvelope.ok -> ok
ResponseEnvelope.payload -> payload
ResponseEnvelope.error -> error
ArchApproveRequest.summaryUuid -> summary_uuid
ArchApproveRequest.expectedVersion -> expected_version
ArchFieldAddRequest.persistenceChangeUuid -> persistence_change_uuid
ArchFieldAddRequest.fieldName -> field_name
ArchFieldAddRequest.dataType -> data_type
ArchFieldAddRequest.changeReason -> change_reason
ArchFieldAddRequest.changePurpose -> change_purpose
ArchFieldAddRequest.nullable -> nullable
ArchFieldAddRequest.isForeignKey -> is_foreign_key
ArchFieldAddRequest.fkTarget -> fk_target
ArchFieldAddRequest.isIndexed -> is_indexed
ArchFieldAddResponse.field -> field
ArchGeneralAddRequest.summaryUuid -> summary_uuid
ArchGeneralAddRequest.filePath -> file_path
ArchGeneralAddRequest.className -> class_name
ArchGeneralAddRequest.reasonBrief -> reason_brief
ArchGeneralAddRequest.changeDepth -> change_depth
ArchGeneralAddRequest.changeCode -> change_code
ArchGeneralAddResponse.change -> change
ArchGetRequest.promptUuid -> prompt_uuid
ArchGetResponse.summary -> summary
ArchGetResponse.persistenceChanges -> persistence_changes
ArchGetResponse.generalChanges -> general_changes
ArchGetResponse.unplannedChanges -> unplanned_changes
ArchGetResponse.orderingRespected -> ordering_respected
ArchOpenRequest.promptUuid -> prompt_uuid
ArchPersistAddRequest.summaryUuid -> summary_uuid
ArchPersistAddRequest.className -> class_name
ArchPersistAddRequest.filePath -> file_path
ArchPersistAddRequest.reasonBrief -> reason_brief
ArchPersistAddResponse.change -> change
ArchProposeRequest.summaryUuid -> summary_uuid
ArchProposeRequest.expectedVersion -> expected_version
ArchReviseRequest.summaryUuid -> summary_uuid
ArchReviseRequest.expectedVersion -> expected_version
ArchSummarizeRequest.summaryUuid -> summary_uuid
ArchSummarizeRequest.expectedVersion -> expected_version
ArchSummarizeRequest.body -> body
ArchSummaryResponse.summary -> summary
ArchSummaryResponse.created -> created
ArtifactAddRequest.promptUuid -> prompt_uuid
ArtifactAddRequest.filePath -> file_path
ArtifactAddRequest.kind -> kind
ArtifactAddRequest.note -> note
ArtifactListRequest.promptUuid -> prompt_uuid
ArtifactListResponse.artifacts -> artifacts
BackupResponse.backupPath -> backup_path
BackupResponse.sizeBytes -> size_bytes
BaseEntity.id -> id
BaseEntity.uuid -> uuid
BaseEntity.version -> version
BaseEntity.createdAt -> created_at
BaseEntity.updatedAt -> updated_at
CatalogSearchRequest.query -> query
CatalogSearchRequest.projectUuid -> project_uuid
CatalogSearchRequest.limit -> limit
CatalogSearchResponse.instances -> instances
CatalogSearchResponse.sessions -> sessions
ChangeRange.lineStart -> line_start
ChangeRange.lineEnd -> line_end
ChangeRange.changedContent -> changed_content
ClarificationRowResponse.clarification -> clarification
ClarifyAnswerRequest.clarificationUuid -> clarification_uuid
ClarifyAnswerRequest.expectedVersion -> expected_version
ClarifyAnswerRequest.answer -> answer
ClarifyAnswerRequest.answerSource -> answer_source
ClarifyAnswerRequest.skip -> skip
ClarifyAskRequest.summaryUuid -> summary_uuid
ClarifyAskRequest.category -> category
ClarifyAskRequest.question -> question
ClarifyAskRequest.answer -> answer
ClarifyAskRequest.answerSource -> answer_source
ClarifyFinalizeRequest.summaryUuid -> summary_uuid
ClarifyFinalizeRequest.expectedVersion -> expected_version
ClarifyFinalizeRequest.refinedGoal -> refined_goal
ClarifyFinalizeRequest.refinedDetail -> refined_detail
ClarifyFinalizeRequest.backstoryNote -> backstory_note
ClarifyFinalizeResponse.summary -> summary
ClarifyFinalizeResponse.prompt -> prompt
ClarifyGetRequest.promptUuid -> prompt_uuid
ClarifyGetResponse.summary -> summary
ClarifyGetResponse.clarifications -> clarifications
ClarifyOpenRequest.promptUuid -> prompt_uuid
ClarifyReopenRequest.summaryUuid -> summary_uuid
ClarifyReopenRequest.expectedVersion -> expected_version
ClarifySealRequest.summaryUuid -> summary_uuid
ClarifySealRequest.expectedVersion -> expected_version
ClarifySummaryResponse.summary -> summary
ClarifySummaryResponse.created -> created
ConfigSetRequest.key -> key
ConfigSetRequest.value -> value
ConfigSetResponse.key -> key
ConfigSetResponse.value -> value
ContextEnsureRequest.project -> project
ContextEnsureRequest.instance -> instance
ContextEnsureRequest.session -> session
ContextEnsureResponse.projectUuid -> project_uuid
ContextEnsureResponse.instanceUuid -> instance_uuid
ContextEnsureResponse.sessionUuid -> session_uuid
ContextEnsureResponse.createdProject -> created_project
ContextEnsureResponse.createdInstance -> created_instance
ContextEnsureResponse.createdSession -> created_session
ContextGetRequest.projectCode -> project_code
ContextGetRequest.instanceName -> instance_name
ContextGetRequest.sessionCode -> session_code
ContextGetResponse.projectUuid -> project_uuid
ContextGetResponse.instanceUuid -> instance_uuid
ContextGetResponse.sessionUuid -> session_uuid
ContextGetResponse.kbiteCodes -> kbite_codes
EventListRequest.kind -> kind
EventListRequest.subjectUuid -> subject_uuid
EventListRequest.sinceId -> since_id
EventListRequest.sinceTime -> since_time
EventListRequest.untilTime -> until_time
EventListRequest.limit -> limit
EventListResponse.events -> events
EventNotification.id -> id
EventNotification.kind -> kind
EventNotification.subjectUuid -> subject_uuid
EventNotification.payload -> payload
EventNotification.createdAt -> created_at
FileChangeAdd.project -> project
FileChangeAdd.instance -> instance
FileChangeAdd.session -> session
FileChangeAdd.promptUuid -> prompt_uuid
FileChangeAdd.relativePath -> relative_path
FileChangeAdd.changeKind -> change_kind
FileChangeAdd.ranges -> ranges
FileChangeAddResponse.sessionFileUuid -> session_file_uuid
FileChangeAddResponse.fileChangeUuid -> file_change_uuid
FileChangeAddResponse.rangeUuids -> range_uuids
FileChangeListRequest.sessionUuid -> session_uuid
FileChangeListRequest.promptUuid -> prompt_uuid
FileChangeListRequest.relativePath -> relative_path
FileChangeListRequest.limit -> limit
FileChangeListResponse.changes -> changes
Hello.clientName -> client_name
Hello.pid -> pid
HelloAck.daemonPid -> daemon_pid
HelloAck.protocolVersion -> protocol_version
InstanceContext.code -> code
InstanceContext.name -> name
InstanceContext.absoluteFileSystemPath -> absolute_file_system_path
InstanceContext.ckfsRelativeStoragePath -> ckfs_relative_storage_path
InstanceContext.uuid -> uuid
InstanceContext.kbiteCodes -> kbite_codes
InstanceCurrentSessionRequest.instanceUuid -> instance_uuid
InstanceCurrentSessionResponse.session -> session
InstanceCurrentSessionResponse.headState -> head_state
InstanceCurrentSessionResponse.currentSessionCode -> current_session_code
InstanceListRequest.projectUuid -> project_uuid
InstanceListResponse.instances -> instances
KbiteAddRequest.scope -> scope
KbiteAddRequest.ownerUuid -> owner_uuid
KbiteAddRequest.code -> code
KbiteAddResponse.kbiteUuid -> kbite_uuid
KbiteAddResponse.code -> code
KbiteAddResponse.added -> added
KbiteDigestRequest.code -> code
KbiteDigestRequest.kbiteOpenPath -> kbite_open_path
KbiteDigestResponse.kbiteUuid -> kbite_uuid
KbiteDigestResponse.resourceCount -> resource_count
KbiteDigestResponse.fileCount -> file_count
KbiteDigestResponse.keywordCount -> keyword_count
KbiteDigestResponse.deletedChewedFiles -> deleted_chewed_files
KbiteFileGetRequest.fileUuid -> file_uuid
KbiteFileGetResponse.file -> file
KbiteGetRequest.code -> code
KbiteGetResponse.kbite -> kbite
KbiteGetResponse.resources -> resources
KbiteGetResponse.keywords -> keywords
KbiteKeywordTagRequest.level -> level
KbiteKeywordTagRequest.targetUuid -> target_uuid
KbiteKeywordTagRequest.keywords -> keywords
KbiteKeywordTagRequest.detach -> detach
KbiteKeywordTagResponse.attached -> attached
KbiteKeywordTagResponse.detached -> detached
KbiteListRequest.scope -> scope
KbiteListRequest.ownerUuid -> owner_uuid
KbiteListRequest.all -> all
KbiteListResponse.kbites -> kbites
KbiteMawOpenRequest.kbiteName -> kbite_name
KbiteMawOpenRequest.mawPath -> maw_path
KbiteMawOpenResponse.mawPath -> maw_path
KbiteMawOpenResponse.createdDirs -> created_dirs
KbiteMawOpenResponse.createdIndex -> created_index
KbiteRemoveRequest.scope -> scope
KbiteRemoveRequest.ownerUuid -> owner_uuid
KbiteRemoveRequest.code -> code
KbiteRemoveResponse.removed -> removed
KbiteSearchRequest.query -> query
KbiteSearchRequest.kbiteUuids -> kbite_uuids
KbiteSearchRequest.limit -> limit
KbiteSearchResponse.hits -> hits
PathsGetResponse.gmccRoot -> gmcc_root
PathsGetResponse.dbPath -> db_path
PathsGetResponse.socketPath -> socket_path
PathsGetResponse.backupsRoot -> backups_root
PathsGetResponse.ckfsRoot -> ckfs_root
PathsGetResponse.kbiteRoot -> kbite_root
PathsGetResponse.kbiteOpenRoot -> kbite_open_root
PathsGetResponse.kbiteDigestedRoot -> kbite_digested_root
PingResponse.daemonPid -> daemon_pid
PingResponse.protocolVersion -> protocol_version
PingResponse.buildSha -> build_sha
PingResponse.buildDate -> build_date
PingResponse.startedAt -> started_at
PingResponse.uptimeSeconds -> uptime_seconds
ProjectContext.gitRepoName -> git_repo_name
ProjectContext.code -> code
ProjectContext.name -> name
ProjectContext.ckfsRelativeStoragePath -> ckfs_relative_storage_path
ProjectContext.uuid -> uuid
ProjectContext.kbiteCodes -> kbite_codes
ProjectListResponse.projects -> projects
PromptCreateRequest.sessionUuid -> session_uuid
PromptCreateRequest.uuid -> uuid
PromptCreateRequest.code -> code
PromptCreateRequest.name -> name
PromptCreateRequest.backstory -> backstory
PromptCreateRequest.goal -> goal
PromptCreateRequest.detail -> detail
PromptCreateRequest.command -> command
PromptCreateRequest.ckfsRelativeStoragePath -> ckfs_relative_storage_path
PromptGetRequest.promptUuid -> prompt_uuid
PromptGetResponse.prompt -> prompt
PromptGetResponse.artifacts -> artifacts
PromptGetResponse.kbiteCodes -> kbite_codes
PromptGetResponse.changeSummary -> change_summary
PromptListRequest.sessionUuid -> session_uuid
PromptListResponse.prompts -> prompts
PromptSetStatusRequest.promptUuid -> prompt_uuid
PromptSetStatusRequest.expectedVersion -> expected_version
PromptSetStatusRequest.status -> status
PromptUpdateContentRequest.promptUuid -> prompt_uuid
PromptUpdateContentRequest.expectedVersion -> expected_version
PromptUpdateContentRequest.backstory -> backstory
PromptUpdateContentRequest.goal -> goal
PromptUpdateContentRequest.detail -> detail
SessionContext.code -> code
SessionContext.name -> name
SessionContext.backstory -> backstory
SessionContext.goal -> goal
SessionContext.ckfsRelativeStoragePath -> ckfs_relative_storage_path
SessionContext.uuid -> uuid
SessionContext.kbiteCodes -> kbite_codes
SessionGetRequest.sessionUuid -> session_uuid
SessionGetResponse.session -> session
SessionGetResponse.prompts -> prompts
SessionGetResponse.changeSummary -> change_summary
SessionGetResponse.promptChanges -> prompt_changes
SessionListRequest.instanceUuid -> instance_uuid
SessionListResponse.sessions -> sessions
SessionResolveRequest.sessionUuid -> session_uuid
SessionResolveResponse.session -> session
SessionResolveResponse.checkedOut -> checked_out
SessionResolveResponse.headState -> head_state
SessionResolveResponse.currentSessionCode -> current_session_code
SessionUpdateRequest.sessionUuid -> session_uuid
SessionUpdateRequest.expectedVersion -> expected_version
SessionUpdateRequest.name -> name
SessionUpdateRequest.backstory -> backstory
SessionUpdateRequest.goal -> goal
ShutdownResponse.message -> message
StatusResponse.daemonPid -> daemon_pid
StatusResponse.protocolVersion -> protocol_version
StatusResponse.socketPath -> socket_path
StatusResponse.dbPath -> db_path
StatusResponse.schemaVersion -> schema_version
StatusResponse.tableCounts -> table_counts
StatusResponse.startedAt -> started_at
StatusResponse.uptimeSeconds -> uptime_seconds
Subscribe.sinceId -> since_id
SubscribeAck.lastEventId -> last_event_id
SubscribeAck.replayCount -> replay_count
TableCount.name -> name
TableCount.count -> count
ArchGeneralChangeRow.uuid -> uuid
ArchGeneralChangeRow.seq -> seq
ArchGeneralChangeRow.filePath -> file_path
ArchGeneralChangeRow.className -> class_name
ArchGeneralChangeRow.reasonBrief -> reason_brief
ArchGeneralChangeRow.changeDepth -> change_depth
ArchGeneralChangeRow.changeCode -> change_code
ArchGeneralChangeRow.implementation -> implementation
ArchPersistenceChangeRow.uuid -> uuid
ArchPersistenceChangeRow.seq -> seq
ArchPersistenceChangeRow.className -> class_name
ArchPersistenceChangeRow.filePath -> file_path
ArchPersistenceChangeRow.reasonBrief -> reason_brief
ArchPersistenceChangeRow.fields -> fields
ArchPersistenceChangeRow.implementation -> implementation
ArchPersistenceFieldChangeRow.uuid -> uuid
ArchPersistenceFieldChangeRow.seq -> seq
ArchPersistenceFieldChangeRow.fieldName -> field_name
ArchPersistenceFieldChangeRow.changeReason -> change_reason
ArchPersistenceFieldChangeRow.changePurpose -> change_purpose
ArchPersistenceFieldChangeRow.dataType -> data_type
ArchPersistenceFieldChangeRow.nullable -> nullable
ArchPersistenceFieldChangeRow.isForeignKey -> is_foreign_key
ArchPersistenceFieldChangeRow.fkTarget -> fk_target
ArchPersistenceFieldChangeRow.isIndexed -> is_indexed
ArchitectureSummaryRow.uuid -> uuid
ArchitectureSummaryRow.version -> version
ArchitectureSummaryRow.promptUuid -> prompt_uuid
ArchitectureSummaryRow.body -> body
ArchitectureSummaryRow.status -> status
ArchitectureSummaryRow.createdAt -> created_at
ArchitectureSummaryRow.updatedAt -> updated_at
ArtifactRow.uuid -> uuid
ArtifactRow.promptUuid -> prompt_uuid
ArtifactRow.filePath -> file_path
ArtifactRow.kind -> kind
ArtifactRow.note -> note
ArtifactRow.createdAt -> created_at
ChangeImplementationState.fileChangeCount -> file_change_count
ChangeImplementationState.firstChangedAt -> first_changed_at
ChangeImplementationState.lastChangedAt -> last_changed_at
ChangeRangeRow.lineStart -> line_start
ChangeRangeRow.lineEnd -> line_end
ChangeSummary.changeCount -> change_count
ChangeSummary.distinctFiles -> distinct_files
ChangeSummary.totalLineSpan -> total_line_span
ClarificationRow.uuid -> uuid
ClarificationRow.version -> version
ClarificationRow.clarificationSummaryUuid -> clarification_summary_uuid
ClarificationRow.seq -> seq
ClarificationRow.category -> category
ClarificationRow.question -> question
ClarificationRow.answer -> answer
ClarificationRow.answerSource -> answer_source
ClarificationRow.status -> status
ClarificationSummaryRow.uuid -> uuid
ClarificationSummaryRow.version -> version
ClarificationSummaryRow.promptUuid -> prompt_uuid
ClarificationSummaryRow.status -> status
ClarificationSummaryRow.backstoryNote -> backstory_note
ClarificationSummaryRow.refinedGoal -> refined_goal
ClarificationSummaryRow.refinedDetail -> refined_detail
ClarificationSummaryRow.createdAt -> created_at
ClarificationSummaryRow.updatedAt -> updated_at
FileChangeRow.uuid -> uuid
FileChangeRow.sessionUuid -> session_uuid
FileChangeRow.promptUuid -> prompt_uuid
FileChangeRow.relativePath -> relative_path
FileChangeRow.changeKind -> change_kind
FileChangeRow.createdAt -> created_at
FileChangeRow.ranges -> ranges
InstanceRow.uuid -> uuid
InstanceRow.version -> version
InstanceRow.projectUuid -> project_uuid
InstanceRow.code -> code
InstanceRow.name -> name
InstanceRow.absoluteFileSystemPath -> absolute_file_system_path
InstanceRow.ckfsRelativeStoragePath -> ckfs_relative_storage_path
InstanceRow.createdAt -> created_at
InstanceRow.updatedAt -> updated_at
KbiteRef.uuid -> uuid
KbiteRef.code -> code
KbiteResourceFileRow.uuid -> uuid
KbiteResourceFileRow.kbiteResourceUuid -> kbite_resource_uuid
KbiteResourceFileRow.resourceFileName -> resource_file_name
KbiteResourceFileRow.resourceFileSummary -> resource_file_summary
KbiteResourceFileRow.resourceFileContent -> resource_file_content
KbiteResourceFileRow.createdAt -> created_at
KbiteResourceFileStub.uuid -> uuid
KbiteResourceFileStub.resourceFileName -> resource_file_name
KbiteResourceFileStub.resourceFileSummary -> resource_file_summary
KbiteResourceFileStub.hasContent -> has_content
KbiteResourceRow.uuid -> uuid
KbiteResourceRow.kbiteUuid -> kbite_uuid
KbiteResourceRow.resourceName -> resource_name
KbiteResourceRow.resourceSummary -> resource_summary
KbiteResourceRow.resourceType -> resource_type
KbiteResourceRow.resourceTrust -> resource_trust
KbiteResourceRow.files -> files
KbiteRow.uuid -> uuid
KbiteRow.version -> version
KbiteRow.code -> code
KbiteRow.createdAt -> created_at
KbiteRow.updatedAt -> updated_at
KbiteSearchHit.kbiteCode -> kbite_code
KbiteSearchHit.kbiteUuid -> kbite_uuid
KbiteSearchHit.resourceName -> resource_name
KbiteSearchHit.fileUuid -> file_uuid
KbiteSearchHit.fileName -> file_name
KbiteSearchHit.fileSummary -> file_summary
KbiteSearchHit.matchedKeywords -> matched_keywords
KbiteSearchHit.score -> score
ProjectRow.uuid -> uuid
ProjectRow.version -> version
ProjectRow.gitRepoName -> git_repo_name
ProjectRow.code -> code
ProjectRow.name -> name
ProjectRow.ckfsRelativeStoragePath -> ckfs_relative_storage_path
ProjectRow.createdAt -> created_at
ProjectRow.updatedAt -> updated_at
PromptChangeSummary.promptUuid -> prompt_uuid
PromptChangeSummary.summary -> summary
PromptRow.uuid -> uuid
PromptRow.version -> version
PromptRow.sessionUuid -> session_uuid
PromptRow.seq -> seq
PromptRow.code -> code
PromptRow.name -> name
PromptRow.backstory -> backstory
PromptRow.goal -> goal
PromptRow.detail -> detail
PromptRow.command -> command
PromptRow.status -> status
PromptRow.ckfsRelativeStoragePath -> ckfs_relative_storage_path
PromptRow.createdAt -> created_at
PromptRow.updatedAt -> updated_at
PromptStub.uuid -> uuid
PromptStub.sessionUuid -> session_uuid
PromptStub.seq -> seq
PromptStub.code -> code
PromptStub.name -> name
PromptStub.status -> status
PromptStub.version -> version
PromptStub.ckfsRelativeStoragePath -> ckfs_relative_storage_path
PromptStub.createdAt -> created_at
PromptStub.updatedAt -> updated_at
SessionRow.uuid -> uuid
SessionRow.version -> version
SessionRow.code -> code
SessionRow.name -> name
SessionRow.backstory -> backstory
SessionRow.goal -> goal
SessionRow.createdAt -> created_at
SessionRow.updatedAt -> updated_at
SessionStub.uuid -> uuid
SessionStub.version -> version
SessionStub.instanceUuid -> instance_uuid
SessionStub.code -> code
SessionStub.name -> name
SessionStub.ckfsRelativeStoragePath -> ckfs_relative_storage_path
SessionStub.createdAt -> created_at
SessionStub.updatedAt -> updated_at
SessionStub.lastActivityAt -> last_activity_at
UnplannedChangeRow.path -> path
UnplannedChangeRow.changeCount -> change_count
UnplannedChangeRow.firstChangedAt -> first_changed_at
UnplannedChangeRow.lastChangedAt -> last_changed_at
